[orlab.com.vn/index.html]
[backblue.gif]
[fade.gif]
[index.html]
[orlab.com.vn/wp-content/uploads/2022/08/hero-2-1.jpg]
[orlab.com.vn/vi/index.html]
[orlab.com.vn/feed/index.html]
[orlab.com.vn/wp-includes/js/jquery/jquery.minf43b.js]
[orlab.com.vn/wp-includes/js/jquery/jquery-migrate.min5589.js]
[orlab.com.vn/wp-content/plugins/LayerSlider/assets/static/layerslider/js/layerslider.utilsaf8d.js]
[orlab.com.vn/wp-content/plugins/LayerSlider/assets/static/layerslider/js/layerslider.kreaturamedia.jqueryaf8d.js]
[orlab.com.vn/wp-content/plugins/LayerSlider/assets/static/layerslider/js/layerslider.transitionsaf8d.js]
[orlab.com.vn/wp-content/plugins/download-manager/assets/bootstrap/js/popper.min84fc.js]
[orlab.com.vn/wp-content/plugins/download-manager/assets/bootstrap/js/bootstrap.min84fc.js]
[orlab.com.vn/wp-content/plugins/download-manager/assets/js/front7337.js]
[orlab.com.vn/wp-content/plugins/simple-file-list/js/ee-head84fc.js]
[orlab.com.vn/wp-json/index.html]
[orlab.com.vn/wp-json/wp/v2/pages/9313.json]
[orlab.com.vn/xmlrpc0db0.php]
[orlab.com.vn/wp-json/oembed/1.0/embedf3fd.json]
[orlab.com.vn/wp-json/oembed/1.0/embed2b4a]
[orlab.com.vn/wp-content/plugins/teachpress/js/frontend540a.js]
[orlab.com.vn/wp-content/uploads/2024/03/favicon.ico]
[wordpress.vecurosoft.com/techbiz/wp-content/uploads/2022/08/breadcumb-bg.jpg]
[orlab.com.vn/wp-content/uploads/2024/03/logo_header_color_orlab.png]
[orlab.com.vn/about]
[orlab.com.vn/products]
[orlab.com.vn/introduction/index.html]
[orlab.com.vn/awards/index.html]
[orlab.com.vn/our-team/index.html]
[orlab.com.vn/activities/index.html]
[orlab.com.vn/wp-content/uploads/2022/08/hero-shape-2-2.png]
[orlab.com.vn/publications/index.html]
[orlab.com.vn/materials/index.html]
[orlab.com.vn/services/index.html]
[orlab.com.vn/project/index.html]
[orlab.com.vn/wp-content/uploads/2022/08/hero-shape-2-1.png]
[orlab.com.vn/o-ads/index.html]
[orlab.com.vn/blog/index.html]
[orlab.com.vn/o-hos/index.html]
[orlab.com.vn/wp-content/uploads/2022/08/hero-2-2.jpg]
[orlab.com.vn/wp-content/uploads/2022/08/hero-2-3.jpg]
[orlab.com.vn/wp-content/uploads/2023/04/hero-slide-2-3.jpg]
[wordpress.vecurosoft.com/techbiz/wp-content/uploads/2022/08/sr-3-1.jpg]
[wordpress.vecurosoft.com/techbiz/wp-content/uploads/2022/08/sr-3-2.jpg]
[wordpress.vecurosoft.com/techbiz/wp-content/uploads/2022/08/sr-3-3.jpg]
[wordpress.vecurosoft.com/techbiz/wp-content/uploads/2022/08/sr-3-4.jpg]
[orlab.com.vn/wp-content/uploads/2023/03/logo_f20d686d11.png]
[orlab.com.vn/wp-content/uploads/2023/03/ecd2476f58db857d1365b5a4412fcf87_8546a928dd-768x384.png]
[orlab.com.vn/wp-content/uploads/2023/03/e3dcde5cf93a4babb34115b6e7bc6bb3_cc165d1ff8-768x384.png]
[orlab.com.vn/wp-content/uploads/2023/03/256198737714799a3d24fa65269e6987_a473b8fe34-768x384.png]
[orlab.com.vn/wp-content/uploads/2023/03/09ebbf74a4e3b2bf5bbc6f299184add5_658c1b0136-768x384.png]
[orlab.com.vn/wp-content/uploads/2023/03/0ab0dad49552b6247c6e85c2979021d3_b61ae513e3-768x384.png]
[orlab.com.vn/wp-content/uploads/2024/03/bachmai.png]
[orlab.com.vn/wp-content/uploads/2024/03/dhyHN-768x218.jpg]
[orlab.com.vn/minhhoangha.vth@gmail.com]
[orlab.com.vn/2024/03/05/index.html]
[orlab.com.vn/2024/03/05/duong-ngan-ha-nu-sinh-dam-me-voi-khoa-hoc-cong-nghe/index.html]
[orlab.com.vn/author/pdt-admin/index.html]
[orlab.com.vn/about-us-2/index.html]
[orlab.com.vn/wp-content/plugins/contact-form-7/includes/swv/js/indexf2b4.js]
[orlab.com.vn/wp-content/plugins/contact-form-7/includes/js/indexf2b4.js]
[orlab.com.vn/wp-includes/js/dist/vendor/wp-polyfill-inert.min0226.js]
[orlab.com.vn/wp-includes/js/dist/vendor/regenerator-runtime.min6c85.js]
[orlab.com.vn/wp-includes/js/dist/vendor/wp-polyfill.min2c7c.js]
[orlab.com.vn/wp-includes/js/dist/hooks.min2ebd.js]
[orlab.com.vn/wp-includes/js/dist/i18n.minf92f.js]
[orlab.com.vn/wp-includes/js/jquery/jquery.form.minb2f9.js]
[orlab.com.vn/wp-content/plugins/simple-file-list/js/ee-footerdf16.js]
[orlab.com.vn/wp-content/plugins/techbiz-core/assets/js/techbiz.ajax5152.js]
[orlab.com.vn/wp-content/plugins/techbiz-helper/assets/js/bizino.ajax5152.js]
[orlab.com.vn/wp-content/plugins/wp-job-openings/assets/js/script.min9bf7.js]
[orlab.com.vn/wp-includes/images/spinner.gif]
[orlab.com.vn/wp-content/plugins/download-monitor/assets/js/dlm-xhr.minc8f9.js]
[orlab.com.vn/wp-content/themes/techbiz/assets/js/bootstrap.min5b31.js]
[orlab.com.vn/wp-content/themes/techbiz/assets/js/slick.min8a54.js]
[orlab.com.vn/wp-content/themes/techbiz/assets/js/jquery.magnific-popup.min8a54.js]
[orlab.com.vn/wp-content/themes/techbiz/assets/js/isotope.pkgd.min8a54.js]
[orlab.com.vn/wp-includes/js/imagesloaded.minbb93.js]
[orlab.com.vn/wp-content/themes/techbiz/assets/js/maind5f7.js]
[orlab.com.vn/wp-content/plugins/essential-addons-for-elementor-lite/assets/front-end/js/view/general.min0579.js]
[orlab.com.vn/wp-content/plugins/gtranslate/js/float84fc.js]
[orlab.com.vn/wp-content/plugins/elementor-pro/assets/js/webpack-pro.runtime.min991d.js]
[orlab.com.vn/wp-content/plugins/elementor/assets/js/webpack.runtime.mindf38.js]
[orlab.com.vn/wp-content/plugins/elementor/assets/js/frontend-modules.mindf38.js]
[orlab.com.vn/wp-content/plugins/elementor-pro/assets/js/frontend.min991d.js]
[orlab.com.vn/wp-content/plugins/elementor/assets/lib/waypoints/waypoints.min05da.js]
[orlab.com.vn/wp-includes/js/jquery/ui/core.min3f14.js]
[orlab.com.vn/wp-content/plugins/elementor/assets/js/frontend.mindf38.js]
[orlab.com.vn/wp-content/plugins/elementor-pro/assets/js/elements-handlers.min991d.js]
[orlab.com.vn/wp-content/plugins/techbiz-core/assets/js/techbiz-core5152.js]
[orlab.com.vn/wp-content/plugins/techbiz-core/assets/js/techbiz-frontend84fc.js]
[orlab.com.vn/wp-content/plugins/techbiz-helper/assets/js/bizino-frontend84fc.js]
[orlab.com.vn/wp-includes/js/underscore.mind584.js]
[orlab.com.vn/wp-includes/js/wp-util.min84fc.js]
[orlab.com.vn/wp-content/plugins/wpforms-lite/assets/js/integrations/elementor/frontend.min8cb8.js]
[orlab.com.vn/index.html]
[orlab.com.vn/wp-content/uploads/2023/03/classroom_coaching_technologies_7e01a14b3d.jpg]
[orlab.com.vn/vi/feed/index.html]
[orlab.com.vn/vi/minhhoangha.vth@gmail.com]
[orlab.com.vn/vi/tin-tuc/index.html]
[orlab.com.vn/vi/index.html]
[orlab.com.vn/vi/san-pham/index.html]
[orlab.com.vn/vi/he-thong-quan-ly-lich-lam-viec-cho-nganh-y-te-o-hos/index.html]
[orlab.com.vn/comments/feed/index.html]
[orlab.com.vn/vi/he-thong-quan-ly-booking-quang-cao-truyen-hinh-o-ads/index.html]
[orlab.com.vn/vi/he-thong-quan-tri-truong-dai-hoc-cao-dang-o-edu/index.html]
[orlab.com.vn/vi/he-thong-quan-tri-nhan-su-hrm/index.html]
[orlab.com.vn/wp-content/plugins/LayerSlider/assets/static/layerslider/img/icon-muted-white.png]
[orlab.com.vn/vi/he-thong-quan-ly-quan-he-khach-hang-crm/index.html]
[orlab.com.vn/wp-content/plugins/LayerSlider/assets/static/layerslider/img/icon-unmuted-white.png]
[orlab.com.vn/wp-content/plugins/LayerSlider/assets/static/layerslider/css/layerslideraf8d.css]
[orlab.com.vn/vi/he-thong-quan-ly-tuyen-sinh/index.html]
[orlab.com.vn/vi/he-thong-quan-ly-cong-tac-sinh-vien/index.html]
[orlab.com.vn/vi/he-thong-quan-ly-chuong-trinh-dao-tao/index.html]
[orlab.com.vn/wp-includes/css/dist/block-library/style.min84fc.css]
[orlab.com.vn/vi/he-thong-dam-bao-chat-luong/index.html]
[orlab.com.vn/vi/he-thong-quan-ly-nghien-cuu-khoa-hoc/index.html]
[orlab.com.vn/wp-content/plugins/contact-form-7/includes/css/stylesf2b4.css]
[orlab.com.vn/vi/job-openings/index.html]
[orlab.com.vn/vi/dich-vu/index.html]
[orlab.com.vn/vi/lien-he/index.html]
[orlab.com.vn/vi/2023/03/25/hello-world/index.html]
[orlab.com.vn/wp-content/plugins/download-manager/assets/fontawesome/webfonts/fa-brands-400.woff2]
[orlab.com.vn/vi/2023/03/25/index.html]
[orlab.com.vn/wp-content/plugins/download-manager/assets/fontawesome/webfonts/fa-brands-400.ttf]
[orlab.com.vn/vi/category/tin-tuc/index.html]
[orlab.com.vn/wp-content/plugins/download-manager/assets/fontawesome/webfonts/fa-regular-400.woff2]
[orlab.com.vn/wp-content/plugins/download-manager/assets/fontawesome/webfonts/fa-regular-400.ttf]
[orlab.com.vn/wp-content/plugins/download-manager/assets/fontawesome/webfonts/fa-solid-900.woff2]
[orlab.com.vn/wp-content/plugins/download-manager/assets/fontawesome/webfonts/fa-solid-900.ttf]
[orlab.com.vn/wp-content/plugins/download-manager/assets/fontawesome/webfonts/fa-v4compatibility.woff2]
[orlab.com.vn/wp-content/plugins/download-manager/assets/fontawesome/webfonts/fa-v4compatibility.ttf]
[orlab.com.vn/wp-content/plugins/download-manager/assets/fontawesome/css/all.min84fc.css]
[orlab.com.vn/wp-content/plugins/download-manager/assets/bootstrap/css/bootstrap.min84fc.css]
[orlab.com.vn/wp-content/plugins/download-manager/assets/css/front84fc.css]
[orlab.com.vn/wp-content/plugins/simple-file-list/css/stylesdf16.css]
[orlab.com.vn/wp-content/plugins/wp-job-openings/assets/fonts/awsm-jobs-icomoon062a.eot]
[orlab.com.vn/wp-content/plugins/wp-job-openings/assets/fonts/awsm-jobs-icomoon062a.ttf]
[orlab.com.vn/wp-content/plugins/wp-job-openings/assets/fonts/awsm-jobs-icomoon062a.woff]
[orlab.com.vn/wp-content/plugins/wp-job-openings/assets/css/general.min9bf7.css]
[orlab.com.vn/wp-content/plugins/wp-job-openings/assets/css/style.min9bf7.css]
[orlab.com.vn/wp-content/plugins/elementor/assets/lib/eicons/fonts/eiconsb732.eot]
[orlab.com.vn/wp-content/plugins/elementor/assets/lib/eicons/fonts/eiconsb732.woff2]
[orlab.com.vn/wp-content/plugins/elementor/assets/lib/eicons/fonts/eiconsb732.woff]
[orlab.com.vn/wp-content/plugins/elementor/assets/lib/eicons/fonts/eiconsb732.ttf]
[orlab.com.vn/wp-content/plugins/elementor/assets/lib/eicons/css/elementor-icons.minfc13.css]
[orlab.com.vn/wp-content/plugins/elementor/assets/css/frontend-lite.mindf38.css]
[orlab.com.vn/wp-content/plugins/elementor/assets/lib/swiper/v8/css/swiper.min94a4.css]
[orlab.com.vn/wp-content/uploads/elementor/css/post-6354d.css]
[orlab.com.vn/wp-content/plugins/elementor-pro/assets/css/frontend-lite.min991d.css]
[orlab.com.vn/wp-content/uploads/elementor/css/global0e8a.css]
[orlab.com.vn/wp-content/uploads/2022/08/blog5.jpg]
[orlab.com.vn/wp-content/uploads/elementor/css/post-93136060.css]
[orlab.com.vn/wp-content/plugins/fluentform/assets/css/fluent-forms-elementor-widgetd6ea.css]
[orlab.com.vn/wp-content/themes/techbiz/styled5f7.css]
[orlab.com.vn/wp-content/themes/techbiz/assets/fonts/fa-brands-400.eot]
[orlab.com.vn/wp-content/themes/techbiz/assets/fonts/fa-brands-400d41d.eot]
[orlab.com.vn/wp-content/themes/techbiz/assets/fonts/fa-brands-400.woff2]
[orlab.com.vn/wp-content/themes/techbiz/assets/fonts/fa-brands-400.woff]
[orlab.com.vn/wp-content/themes/techbiz/assets/fonts/fa-brands-400.ttf]
[orlab.com.vn/wp-content/themes/techbiz/assets/fonts/fa-duotone-900.eot]
[orlab.com.vn/wp-content/themes/techbiz/assets/fonts/fa-duotone-900d41d.eot]
[orlab.com.vn/wp-content/themes/techbiz/assets/fonts/fa-duotone-900.woff2]
[orlab.com.vn/wp-content/themes/techbiz/assets/fonts/fa-duotone-900.woff]
[orlab.com.vn/wp-content/themes/techbiz/assets/fonts/fa-duotone-900.ttf]
[orlab.com.vn/wp-content/themes/techbiz/assets/fonts/fa-light-300.eot]
[orlab.com.vn/wp-content/themes/techbiz/assets/fonts/fa-light-300d41d.eot]
[orlab.com.vn/wp-content/themes/techbiz/assets/fonts/fa-light-300.woff2]
[orlab.com.vn/wp-content/themes/techbiz/assets/fonts/fa-light-300.woff]
[orlab.com.vn/wp-content/themes/techbiz/assets/fonts/fa-light-300.ttf]
[orlab.com.vn/wp-content/themes/techbiz/assets/fonts/fa-regular-400.eot]
[orlab.com.vn/wp-content/themes/techbiz/assets/fonts/fa-regular-400d41d.eot]
[orlab.com.vn/wp-content/themes/techbiz/assets/fonts/fa-regular-400.woff2]
[orlab.com.vn/wp-content/themes/techbiz/assets/fonts/fa-regular-400.woff]
[orlab.com.vn/wp-content/themes/techbiz/assets/fonts/fa-regular-400.ttf]
[orlab.com.vn/wp-content/themes/techbiz/assets/fonts/fa-solid-900.eot]
[orlab.com.vn/wp-content/themes/techbiz/assets/fonts/fa-solid-900d41d.eot]
[orlab.com.vn/wp-content/themes/techbiz/assets/fonts/fa-solid-900.woff2]
[orlab.com.vn/wp-content/themes/techbiz/assets/fonts/fa-solid-900.woff]
[orlab.com.vn/wp-content/themes/techbiz/assets/fonts/fa-solid-900.ttf]
[orlab.com.vn/wp-content/themes/techbiz/assets/css/fontawesome.minad76.css]
[orlab.com.vn/wp-content/themes/techbiz/assets/css/slick.min4819.css]
[orlab.com.vn/wp-content/themes/techbiz/assets/css/bootstrap.min5b31.css]
[orlab.com.vn/wp-content/themes/techbiz/assets/css/magnific-popup.min5152.css]
[orlab.com.vn/wp-content/themes/techbiz/assets/css/styled5f7.css]
[orlab.com.vn/wp-content/plugins/essential-addons-for-elementor-lite/assets/front-end/css/view/general.min0579.css]
[orlab.com.vn/wp-content/themes/techbiz/assets/css/color.schemes84fc.css]
[orlab.com.vn/wp-content/plugins/teachpress/styles/teachpress_front540a.css]
[orlab.com.vn/about.html]
[orlab.com.vn/wp-content/uploads/2022/09/ab-7-1.jpg]
[orlab.com.vn/wp-json/wp/v2/pages/9356.json]
[orlab.com.vn/wp-json/oembed/1.0/embed5abd.json]
[orlab.com.vn/wp-json/oembed/1.0/embeda2ee]
[orlab.com.vn/wp-content/uploads/2024/03/TS-Ha-Minh-Hoang-e1709713871758.jpg]
[orlab.com.vn/wp-content/uploads/2024/03/571e9580483bc69a96b1f5a96630cc58.png]
[orlab.com.vn/wp-content/uploads/2024/03/fdf9e2b3d5a8fd0f7b462ea7ac4eec25.png]
[orlab.com.vn/introduction/minhhoangha.vth@gmail.com]
[orlab.com.vn/introduction/index.html]
[orlab.com.vn/wp-content/uploads/2024/03/808c598c768e29ed5475ed133a6c4ea4-scaled-e1709695251839.jpg]
[orlab.com.vn/wp-json/wp/v2/pages/9359.json]
[orlab.com.vn/wp-json/oembed/1.0/embedc37f.json]
[orlab.com.vn/wp-json/oembed/1.0/embed2959]
[orlab.com.vn/wp-content/uploads/2024/03/1d847680ee77fe74efe95920077f3f2f.png]
[orlab.com.vn/team-details/nguyen-trung-thanh]
[orlab.com.vn/wp-content/uploads/2024/03/586ce1378d2f7140873eed02c14d698b.jpg]
[orlab.com.vn/wp-content/uploads/2024/03/e65817f6fdc7dc8ad5a768084ebcd6b1.jpg]
[orlab.com.vn/wp-content/uploads/2024/03/e4cdc7c8ccb4492213bbe564f3097486.png]
[orlab.com.vn/wp-content/uploads/2024/03/7e01fdb74a55f6feb2a8d2d439de1c4a-scaled-e1709695419445.jpg]
[orlab.com.vn/wp-content/uploads/2024/03/a86c17c93e3f7826ecc7a417776abe64.jpg]
[orlab.com.vn/wp-content/uploads/2024/03/PDT0001_TranQuangToan.jpg]
[orlab.com.vn/wp-content/uploads/2024/03/PDT0002_Le-Duy-Khanh-e1709706464652.jpg]
[orlab.com.vn/wp-content/uploads/2024/03/PDT0003_Pham-Trung-Kien-e1709706517363.jpg]
[orlab.com.vn/wp-content/uploads/2024/03/66b89a8292abb3d3314adc81020bca4b.jpg]
[orlab.com.vn/wp-content/uploads/2024/03/1d95883373c98b147a0ca6652205fe4d-scaled.jpg]
[orlab.com.vn/wp-content/uploads/2024/03/e60174c7ffa3f12c98fa4a6e451de029.jpg]
[orlab.com.vn/wp-content/uploads/2024/03/b8b047f2521ee5d33e872090236bbb34.png]
[orlab.com.vn/wp-content/uploads/2024/03/aadc0b33574c34afe19e15c403b11649-e1709706764973.jpg]
[orlab.com.vn/wp-content/uploads/2024/03/f7e3501713b9a68073fa95c10311bfe9.png]
[orlab.com.vn/wp-content/uploads/2024/03/2a006ad6ebb0044106864ccb2299263a.jpg]
[orlab.com.vn/wp-content/uploads/2024/03/18fe9fedbfe7df5cff62a2bb8348021e.jpg]
[orlab.com.vn/wp-content/uploads/2024/03/f9a9aa6135802bd75dbf79c24814f8f7.jpg]
[orlab.com.vn/wp-content/uploads/2024/03/93ef0d99a51a4e794216f2dd01bdb8cb.jpg]
[orlab.com.vn/wp-content/uploads/2024/03/65ef0608e5e03161c8f927cf7d196c47.jpg]
[orlab.com.vn/wp-content/uploads/2024/03/5ed57b9b49803486d0c13c58e99be7a7.jpg]
[orlab.com.vn/wp-content/uploads/2024/03/ac6714ab78cc0b73ad437870aa81d8cd.jpg]
[orlab.com.vn/wp-content/uploads/2024/03/003803f33c6cdf86af8a70e3c9ff993b.jpg]
[orlab.com.vn/wp-content/uploads/2024/03/d6e7e5b43ded15c2a3c3526d31319326.jpg]
[orlab.com.vn/wp-content/uploads/2024/03/cuong.jpg]
[orlab.com.vn/our-team/minhhoangha.vth@gmail.com]
[orlab.com.vn/our-team/index.html]
[orlab.com.vn/wp-content/uploads/2024/03/26addc33076dab0d1f4d9ecc48b4a622.jpg]
[orlab.com.vn/wp-json/wp/v2/pages/9574.json]
[orlab.com.vn/wp-json/oembed/1.0/embedd73a.json]
[orlab.com.vn/wp-json/oembed/1.0/embedce83]
[orlab.com.vn/wp-content/uploads/2024/03/604b502ac9085cb8834161331f3e795f.jpg]
[orlab.com.vn/awards/minhhoangha.vth@gmail.com]
[orlab.com.vn/awards/index.html]
[orlab.com.vn/wp-content/uploads/2024/03/laichau4.jpg]
[orlab.com.vn/wp-json/wp/v2/pages/9618.json]
[orlab.com.vn/wp-json/oembed/1.0/embed517b.json]
[orlab.com.vn/wp-json/oembed/1.0/embed265c]
[orlab.com.vn/wp-content/uploads/2024/03/laichau2.jpg]
[orlab.com.vn/wp-content/uploads/2024/03/laichau5.jpg]
[orlab.com.vn/wp-content/uploads/2024/03/laichau3.jpg]
[orlab.com.vn/wp-content/uploads/2024/03/laichau1.jpg]
[orlab.com.vn/wp-content/uploads/2024/03/orlab.jpg]
[orlab.com.vn/wp-content/uploads/2024/03/activity-football-01.jpg]
[orlab.com.vn/wp-content/uploads/2024/03/flowers.jpg]
[orlab.com.vn/activities/minhhoangha.vth@gmail.com]
[orlab.com.vn/activities/index.html]
[orlab.com.vn/wp-json/wp/v2/pages/9385.json]
[orlab.com.vn/wp-json/oembed/1.0/embed4e27.json]
[orlab.com.vn/wp-json/oembed/1.0/embed9b56]
[orlab.com.vn/publications/minhhoangha.vth@gmail.com]
[orlab.com.vn/publications/indexa5fa.html]
[orlab.com.vn/publications/index.html]
[orlab.com.vn/wp-content/plugins/download-manager/assets/js/jquery.dataTables.min84fc.js]
[orlab.com.vn/wp-content/plugins/download-manager/assets/js/dataTables.bootstrap4.min84fc.js]
[orlab.com.vn/wp-json/wp/v2/pages/9396.json]
[orlab.com.vn/wp-json/oembed/1.0/embed887f.json]
[orlab.com.vn/wp-json/oembed/1.0/embedf727]
[orlab.com.vn/materials/minhhoangha.vth@gmail.com]
[orlab.com.vn/download/instances-and-results-for-the-quadratic-traveling-salesman-problem-icaps2023/indexa71e.html]
[orlab.com.vn/download/instances-and-results-for-the-parallel-drone-scheduling-traveling-salesman-problem-pdstsp/index3d58.html]
[orlab.com.vn/download/instances-and-results-for-the-quadratic-traveling-salesman-problem-icaps2023/index.html]
[orlab.com.vn/materials/index.html]
[orlab.com.vn/download/instances-and-results-for-the-parallel-drone-scheduling-traveling-salesman-problem-pdstsp/index.html]
[orlab.com.vn/download/instances-and-detailed-results-for-the-set-team-orienteering-problem/index75e9.html]
[orlab.com.vn/download/instances-and-detailed-results-for-the-set-team-orienteering-problem/index.html]
[orlab.com.vn/download/instances-and-detailed-results-for-the-vrprdl-paper-published-on-icaps2022/indexf6b0.html]
[orlab.com.vn/download/instances-and-detailed-results-for-the-vrprdl-paper-published-on-icaps2022/index.html]
[orlab.com.vn/wp-json/wp/v2/pages/9372.json]
[orlab.com.vn/download/instances-for-the-parallel-drone-scheduling-traveling-salesman-problem-with-collective-drones/index.html]
[orlab.com.vn/download/instances-for-the-parallel-drone-scheduling-traveling-salesman-problem-with-collective-drones/indexee86.html]
[orlab.com.vn/wp-json/oembed/1.0/embedcc23.json]
[orlab.com.vn/wp-json/oembed/1.0/embedef8a]
[orlab.com.vn/download/brp-instances-and-results/index.html]
[orlab.com.vn/wp-content/uploads/2023/03/choose_Me_3_a52549d5a7.jpg]
[orlab.com.vn/download/brp-instances-and-results/indexd4ef.html]
[orlab.com.vn/wp-content/uploads/2023/03/chuyen_doi_so_trong_dn_53a4c95881.jpg]
[orlab.com.vn/wp-content/uploads/2023/03/choose_Me_2_539ea60ded.jpg]
[orlab.com.vn/wp-content/uploads/2023/03/45ce8d8b3db91493839b3aeffac1057c_2ba31d7335.jpg]
[orlab.com.vn/download/data-and-detailed-results-for-the-pdsvrp-paper/index.html]
[orlab.com.vn/download/data-and-detailed-results-for-the-pdsvrp-paper/indexd510.html]
[orlab.com.vn/services/minhhoangha.vth@gmail.com]
[orlab.com.vn/download/data-and-detailed-results-for-2er-tds/index0085.html]
[orlab.com.vn/download/data-and-detailed-results-for-2er-tds/index.html]
[orlab.com.vn/services/index.html]
[orlab.com.vn/download/data-and-detailed-results-for-the-scheduling-problems-with-conflict-jobs/indexa110.html]
[orlab.com.vn/download/data-and-detailed-results-for-the-scheduling-problems-with-conflict-jobs/index.html]
[orlab.com.vn/download/the-vehicle-routing-problem-with-relaxed-priority-rules/index.html]
[orlab.com.vn/download/the-vehicle-routing-problem-with-relaxed-priority-rules/index5ee6.html]
[orgtech.com.vn/wp-content/uploads/2022/09/p-2-1.jpg]
[orlab.com.vn/download/instances-for-the-traveling-salesman-problem-with-drone-tsp-d/index.html]
[orlab.com.vn/download/instances-for-the-traveling-salesman-problem-with-drone-tsp-d/index2fa6.html]
[orlab.com.vn/wp-content/uploads/elementor/css/post-93759796.css]
[orlab.com.vn/download/tsplib-instances/index2eae.html]
[orlab.com.vn/download/tsplib-instances/index.html]
[orlab.com.vn/download/solomon-100-instances-for-vrp/index.html]
[orlab.com.vn/download/solomon-100-instances-for-vrp/indexba19.html]
[orlab.com.vn/download/detailed-results-for-the-vrp-with-synchronization-constraints/index3243.html]
[orlab.com.vn/wp-json/wp/v2/pages/9375.json]
[orlab.com.vn/download/detailed-results-for-the-vrp-with-synchronization-constraints/index.html]
[orlab.com.vn/download/instances-for-the-clustered-traveling-salesman-problem-with-d-relaxed-priority-rule-ctsp-d/index.html]
[orlab.com.vn/download/instances-for-the-clustered-traveling-salesman-problem-with-d-relaxed-priority-rule-ctsp-d/index4829.html]
[orlab.com.vn/wp-json/oembed/1.0/embed077b.json]
[orlab.com.vn/download/lorem-ipsum/index.html]
[orlab.com.vn/download/lorem-ipsum/index42e2.html]
[orlab.com.vn/wp-json/oembed/1.0/embed449b]
[wordpress.vecurosoft.com/techbiz/wp-content/uploads/2022/09/p-2-1.jpg]
[wordpress.vecurosoft.com/techbiz/wp-content/uploads/2022/09/p-2-2.jpg]
[wordpress.vecurosoft.com/techbiz/wp-content/uploads/2022/09/p-2-3.jpg]
[wordpress.vecurosoft.com/techbiz/wp-content/uploads/2022/09/p-2-4.jpg]
[wordpress.vecurosoft.com/techbiz/wp-content/uploads/2022/09/p-2-5.jpg]
[wordpress.vecurosoft.com/techbiz/wp-content/uploads/2022/09/p-2-6.jpg]
[orlab.com.vn/project/minhhoangha.vth@gmail.com]
[orlab.com.vn/project/index.html]
[orlab.com.vn/products.html]
[orlab.com.vn/wp-json/wp/v2/pages/9379.json]
[orlab.com.vn/wp-json/oembed/1.0/embedd9e1.json]
[orlab.com.vn/wp-json/oembed/1.0/embed1ed9]
[orlab.com.vn/wp-content/uploads/2023/03/5-5091.jpg]
[orlab.com.vn/wp-content/uploads/2023/03/d7af17c8-group-158.png]
[orlab.com.vn/wp-content/uploads/2023/03/loi-ich-cua-so-hoa-doanh-nghiep-2.jpg]
[orlab.com.vn/wp-content/uploads/2023/03/td3.png]
[orlab.com.vn/wp-content/uploads/2023/03/2a5c6a37b74975cde6a3293703fcbfbf.png]
[orlab.com.vn/wp-content/uploads/2023/03/ava1.png]
[orlab.com.vn/o-ads/minhhoangha.vth@gmail.com]
[orlab.com.vn/o-ads/index.html]
[orlab.com.vn/wp-json/wp/v2/pages/9382.json]
[orlab.com.vn/wp-json/oembed/1.0/embedeae2.json]
[orlab.com.vn/wp-json/oembed/1.0/embeddbe8]
[orlab.com.vn/wp-content/uploads/2023/03/Bac-si.jpg]
[orlab.com.vn/wp-content/uploads/2023/03/thiet-ke-web-app-bytesoft.png]
[orlab.com.vn/wp-content/uploads/2023/03/mobile-app.webp]
[orlab.com.vn/o-hos/minhhoangha.vth@gmail.com]
[orlab.com.vn/o-hos/index.html]
[orlab.com.vn/blog/minhhoangha.vth@gmail.com]
[orlab.com.vn/blog/index.html]
[orlab.com.vn/dich-vu/index.html]
[orlab.com.vn/category/blog/index.html]
[orlab.com.vn/2024/03/05/minhhoangha.vth@gmail.com]
[orlab.com.vn/2024/03/05/index.html]
[orlab.com.vn/vi/author/pdt-admin/index.html]
[orlab.com.vn/author/pdt-admin/feed/index.html]
[orlab.com.vn/author/pdt-admin/minhhoangha.vth@gmail.com]
[orlab.com.vn/author/pdt-admin/index.html]
[orgtech.com.vn/wp-content/uploads/2023/03/NDND.png]
[orlab.com.vn/2024/03/05/duong-ngan-ha-nu-sinh-dam-me-voi-khoa-hoc-cong-nghe/feed/index.html]
[orlab.com.vn/wp-json/wp/v2/posts/9346.json]
[orlab.com.vn/wp-json/oembed/1.0/embed1016.json]
[orlab.com.vn/wp-json/oembed/1.0/embede9cd]
[orgtech.com.vn/wp-content/uploads/2023/03/1-le-trao-bang-6506-300x240.png]
[orlab.com.vn/2024/03/05/duong-ngan-ha-nu-sinh-dam-me-voi-khoa-hoc-cong-nghe/minhhoangha.vth@gmail.com]
[orlab.com.vn/wp-includes/js/comment-reply.min84fc.js]
[orlab.com.vn/wp-content/plugins/akismet/_inc/akismet-frontend2c10.js]
[orlab.com.vn/2024/03/05/duong-ngan-ha-nu-sinh-dam-me-voi-khoa-hoc-cong-nghe/index.html]
[orlab.com.vn/minhhoangha.vth@gmail.html]
[orlab.com.vn/wp-content/plugins/elementor/assets/css/widget-icon-list.min.css]
[orlab.com.vn/about-us-2/index.html]
[orlab.com.vn/contacts/index.html]
[orlab.com.vn/wp-content/plugins/teachpress/includes/academicons/fonts/academicons7538.eot]
[orlab.com.vn/wp-content/plugins/teachpress/includes/academicons/fonts/academicons7538.ttf]
[orlab.com.vn/wp-content/plugins/teachpress/includes/academicons/fonts/academicons7538.woff]
[orlab.com.vn/wp-content/plugins/teachpress/includes/academicons/css/academicons.min84fc.css]
[orlab.com.vn/wp-content/plugins/elementor/assets/lib/font-awesome/fonts/fontawesome-webfont3e6e.eot]
[orlab.com.vn/wp-content/plugins/elementor/assets/lib/font-awesome/fonts/fontawesome-webfontd41d.eot]
[orlab.com.vn/vi/contacts/index.html]
[orlab.com.vn/wp-content/plugins/elementor/assets/lib/font-awesome/fonts/fontawesome-webfont3e6e.woff2]
[orlab.com.vn/wp-content/plugins/elementor/assets/lib/font-awesome/fonts/fontawesome-webfont3e6e.woff]
[orlab.com.vn/wp-content/plugins/elementor/assets/lib/font-awesome/fonts/fontawesome-webfont3e6e.ttf]
[orlab.com.vn/wp-content/plugins/elementor/assets/lib/font-awesome/css/font-awesome.min1849.css]
[orlab.com.vn/wp-content/uploads/elementor/css/post-83875832.css]
[orlab.com.vn/wp-content/uploads/elementor/css/post-2967b68c.css]
[orlab.com.vn/wp-content/plugins/elementor/assets/lib/font-awesome/css/fontawesome.min52d5.css]
[orlab.com.vn/wp-content/plugins/elementor/assets/lib/font-awesome/webfonts/fa-brands-400.eot]
[orlab.com.vn/wp-content/plugins/elementor/assets/lib/font-awesome/webfonts/fa-brands-400d41d.eot]
[orlab.com.vn/wp-content/plugins/elementor/assets/lib/font-awesome/webfonts/fa-brands-400.woff2]
[orlab.com.vn/wp-content/plugins/elementor/assets/lib/font-awesome/webfonts/fa-brands-400.woff]
[orlab.com.vn/wp-content/plugins/elementor/assets/lib/font-awesome/webfonts/fa-brands-400.ttf]
[orlab.com.vn/wp-content/plugins/elementor/assets/lib/font-awesome/css/brands.min52d5.css]
[orlab.com.vn/wp-content/plugins/elementor/assets/lib/font-awesome/webfonts/fa-solid-900.eot]
[orlab.com.vn/wp-content/plugins/elementor/assets/lib/font-awesome/webfonts/fa-solid-900d41d.eot]
[orlab.com.vn/wp-content/plugins/elementor/assets/lib/font-awesome/webfonts/fa-solid-900.woff2]
[orlab.com.vn/wp-content/plugins/elementor/assets/lib/font-awesome/webfonts/fa-solid-900.woff]
[orlab.com.vn/wp-content/plugins/elementor/assets/lib/font-awesome/webfonts/fa-solid-900.ttf]
[orlab.com.vn/wp-content/plugins/elementor/assets/lib/font-awesome/css/solid.min52d5.css]
[orlab.com.vn/download/index.html]
[orlab.com.vn/vi/tin-tuc/minhhoangha.vth@gmail.com]
[orlab.com.vn/vi/tin-tuc/index.html]
[orlab.com.vn/vi/comments/feed/index.html]
[orlab.com.vn/wp-json/wp/v2/pages/117.json]
[orlab.com.vn/wp-json/oembed/1.0/embedc76a.json]
[orlab.com.vn/wp-json/oembed/1.0/embed6e61]
[orlab.com.vn/vi/san-pham/minhhoangha.vth@gmail.com]
[orlab.com.vn/vi/san-pham/index.html]
[orlab.com.vn/wp-json/wp/v2/pages/825.json]
[orlab.com.vn/wp-json/oembed/1.0/embed1213.json]
[orlab.com.vn/wp-json/oembed/1.0/embed6ab7]
[orlab.com.vn/vi/he-thong-quan-ly-lich-lam-viec-cho-nganh-y-te-o-hos/minhhoangha.vth@gmail.com]
[orlab.com.vn/vi/he-thong-quan-ly-lich-lam-viec-cho-nganh-y-te-o-hos/index.html]
[orlab.com.vn/wp-json/wp/v2/pages/828.json]
[orlab.com.vn/wp-json/oembed/1.0/embed3819.json]
[orlab.com.vn/wp-json/oembed/1.0/embedad40]
[orlab.com.vn/vi/he-thong-quan-ly-booking-quang-cao-truyen-hinh-o-ads/minhhoangha.vth@gmail.com]
[orlab.com.vn/vi/he-thong-quan-ly-booking-quang-cao-truyen-hinh-o-ads/index.html]
[orgtech.com.vn/wp-content/uploads/2023/03/Screenshot_4.png]
[orlab.com.vn/wp-json/wp/v2/pages/421.json]
[orlab.com.vn/wp-json/oembed/1.0/embed7bca.json]
[orlab.com.vn/wp-json/oembed/1.0/embed53dd]
[orlab.com.vn/wp-content/uploads/2023/03/Screenshot_4.png]
[orlab.com.vn/wp-content/uploads/2023/03/Screenshot-2023-03-26-211514.png]
[orlab.com.vn/vi/he-thong-quan-tri-truong-dai-hoc-cao-dang-o-edu/minhhoangha.vth@gmail.com]
[orlab.com.vn/vi/he-thong-quan-tri-truong-dai-hoc-cao-dang-o-edu/index.html]
[orlab.com.vn/wp-json/wp/v2/pages/471.json]
[orlab.com.vn/wp-json/oembed/1.0/embed5e09.json]
[orlab.com.vn/wp-json/oembed/1.0/embed5607]
[orlab.com.vn/wp-content/uploads/2023/03/crm-software-banner1.png]
[orlab.com.vn/vi/he-thong-quan-tri-nhan-su-hrm/minhhoangha.vth@gmail.com]
[orlab.com.vn/vi/he-thong-quan-tri-nhan-su-hrm/index.html]
[orlab.com.vn/wp-json/wp/v2/pages/344.json]
[orlab.com.vn/wp-json/oembed/1.0/embedb242.json]
[orlab.com.vn/wp-json/oembed/1.0/embedb921]
[orlab.com.vn/vi/he-thong-quan-ly-quan-he-khach-hang-crm/minhhoangha.vth@gmail.com]
[orlab.com.vn/vi/he-thong-quan-ly-quan-he-khach-hang-crm/index.html]
[orlab.com.vn/wp-json/wp/v2/pages/495.json]
[orlab.com.vn/wp-json/oembed/1.0/embed08bb.json]
[orlab.com.vn/wp-json/oembed/1.0/embed1749]
[orlab.com.vn/wp-content/uploads/2023/03/Screenshot-2023-03-26-232205.png]
[orlab.com.vn/vi/he-thong-quan-ly-tuyen-sinh/minhhoangha.vth@gmail.com]
[orlab.com.vn/vi/he-thong-quan-ly-tuyen-sinh/index.html]
[orlab.com.vn/wp-json/wp/v2/pages/487.json]
[orlab.com.vn/wp-json/oembed/1.0/embed1285.json]
[orlab.com.vn/wp-json/oembed/1.0/embeda622]
[orlab.com.vn/wp-content/uploads/2023/03/login.png]
[orlab.com.vn/wp-content/uploads/2023/03/ctsv-1.png]
[orlab.com.vn/wp-content/uploads/2023/03/kkht.png]
[orlab.com.vn/wp-content/uploads/2023/03/drl.png]
[orlab.com.vn/wp-content/uploads/2023/03/thamvan.png]
[orlab.com.vn/wp-content/uploads/2023/03/cvht.png]
[orlab.com.vn/wp-content/uploads/2023/03/ph.png]
[orlab.com.vn/vi/he-thong-quan-ly-cong-tac-sinh-vien/minhhoangha.vth@gmail.com]
[orlab.com.vn/vi/he-thong-quan-ly-cong-tac-sinh-vien/index.html]
[orlab.com.vn/wp-json/wp/v2/pages/498.json]
[orlab.com.vn/wp-json/oembed/1.0/embedeee7.json]
[orlab.com.vn/wp-json/oembed/1.0/embed9c52]
[orlab.com.vn/wp-content/uploads/2023/03/higher-education-programs-concept-icon-vector-31584943.jpg]
[orlab.com.vn/vi/he-thong-quan-ly-chuong-trinh-dao-tao/minhhoangha.vth@gmail.com]
[orlab.com.vn/vi/he-thong-quan-ly-chuong-trinh-dao-tao/index.html]
[orlab.com.vn/wp-json/wp/v2/pages/552.json]
[orlab.com.vn/wp-json/oembed/1.0/embed8657.json]
[orlab.com.vn/wp-json/oembed/1.0/embed3827]
[orlab.com.vn/wp-content/uploads/2023/03/dbcl.png]
[orlab.com.vn/wp-content/uploads/2023/03/Screenshot_1.png]
[orlab.com.vn/wp-content/uploads/2023/03/Screenshot_2.png]
[orlab.com.vn/wp-content/uploads/2023/03/Screenshot_3.png]
[orlab.com.vn/wp-content/uploads/2023/03/Screenshot_5.png]
[orlab.com.vn/wp-content/uploads/2023/03/Screenshot_6.png]
[orlab.com.vn/vi/he-thong-dam-bao-chat-luong/minhhoangha.vth@gmail.com]
[orlab.com.vn/vi/he-thong-dam-bao-chat-luong/index.html]
[orlab.com.vn/wp-json/wp/v2/pages/555.json]
[orlab.com.vn/wp-json/oembed/1.0/embedd5da.json]
[orlab.com.vn/wp-json/oembed/1.0/embed47c1]
[orlab.com.vn/vi/he-thong-quan-ly-nghien-cuu-khoa-hoc/minhhoangha.vth@gmail.com]
[orlab.com.vn/vi/he-thong-quan-ly-nghien-cuu-khoa-hoc/index.html]
[orlab.com.vn/wp-json/wp/v2/pages/130.json]
[orlab.com.vn/wp-json/oembed/1.0/embed9b00.json]
[orlab.com.vn/wp-json/oembed/1.0/embed8869]
[orlab.com.vn/vi/dich-vu/minhhoangha.vth@gmail.com]
[orlab.com.vn/vi/dich-vu/index.html]
[orlab.com.vn/wp-json/wp/v2/pages/329.json]
[orlab.com.vn/wp-json/oembed/1.0/embeda56c.json]
[orlab.com.vn/wp-json/oembed/1.0/embed0971]
[orlab.com.vn/vi/job-openings/minhhoangha.vth@gmail.com]
[orlab.com.vn/vi/job-openings/index.html]
[orlab.com.vn/wp-json/wp/v2/pages/8865.json]
[orlab.com.vn/wp-json/oembed/1.0/embeda86f.json]
[orlab.com.vn/wp-json/oembed/1.0/embedc17b]
[orlab.com.vn/vi/lien-he/minhhoangha.vth@gmail.com]
[orlab.com.vn/vi/lien-he/index.html]
[orlab.com.vn/wp-json/wp/v2/posts/1.json]
[orlab.com.vn/vi/2023/03/25/hello-world/feed/index.html]
[orlab.com.vn/wp-json/oembed/1.0/embed5daf.json]
[orlab.com.vn/wp-json/oembed/1.0/embeda2ec]
[orlab.com.vn/vi/2023/03/25/hello-world/minhhoangha.vth@gmail.com]
[orlab.com.vn/vi/2023/03/25/hello-world/index.html]
[orlab.com.vn/vi/2023/03/25/minhhoangha.vth@gmail.com]
[orlab.com.vn/vi/2023/03/25/index.html]
[orlab.com.vn/wp-json/wp/v2/categories/31.json]
[orlab.com.vn/vi/category/tin-tuc/feed/index.html]
[orlab.com.vn/vi/category/tin-tuc/minhhoangha.vth@gmail.com]
[orlab.com.vn/vi/category/tin-tuc/index.html]
[orlab.com.vn/vi/minhhoangha.vth@gmail.html]
[orlab.com.vn/wp-content/plugins/download-manager/assets/images/plus.svg]
[orlab.com.vn/wp-content/plugins/download-manager/assets/images/sort.svg]
[orlab.com.vn/wp-content/plugins/download-manager/assets/images/loader.svg]
[orlab.com.vn/wp-content/plugins/wp-job-openings/assets/fonts/awsm-jobs-icomoon062a.svg]
[orlab.com.vn/wp-content/plugins/wp-job-openings/assets/img/loading.svg]
[orlab.com.vn/wp-content/plugins/elementor/assets/lib/eicons/fonts/eiconsb732.svg]
[orlab.com.vn/wp-content/themes/techbiz/assets/fonts/fa-brands-400.svg]
[orlab.com.vn/wp-content/themes/techbiz/assets/fonts/fa-duotone-900.svg]
[orlab.com.vn/wp-content/themes/techbiz/assets/fonts/fa-light-300.svg]
[orlab.com.vn/wp-content/themes/techbiz/assets/fonts/fa-regular-400.svg]
[orlab.com.vn/wp-content/themes/techbiz/assets/fonts/fa-solid-900.svg]
[orlab.com.vn/wp-content/uploads/essential-addons-elementor/eael-9356e92f.css]
[orlab.com.vn/wp-content/uploads/2022/09/about-bg-5-1.jpg]
[orlab.com.vn/wp-content/uploads/2022/09/testi-bg-4-1.jpg]
[orlab.com.vn/wp-content/uploads/elementor/css/post-935687cd.css]
[orlab.com.vn/wp-content/plugins/elementor/assets/lib/font-awesome/webfonts/fa-regular-400.eot]
[orlab.com.vn/wp-content/plugins/elementor/assets/lib/font-awesome/webfonts/fa-regular-400d41d.eot]
[orlab.com.vn/wp-content/plugins/elementor/assets/lib/font-awesome/webfonts/fa-regular-400.woff2]
[orlab.com.vn/wp-content/plugins/elementor/assets/lib/font-awesome/webfonts/fa-regular-400.woff]
[orlab.com.vn/wp-content/plugins/elementor/assets/lib/font-awesome/webfonts/fa-regular-400.ttf]
[orlab.com.vn/wp-content/plugins/elementor/assets/lib/font-awesome/css/regular.min52d5.css]
[orlab.com.vn/indexd45b.html]
[orlab.com.vn/introduction/minhhoangha.vth@gmail.html]
[orlab.com.vn/wp-content/uploads/essential-addons-elementor/eael-9356e92f.js]
[orlab.com.vn/wp-content/uploads/elementor/css/post-93599002.css]
[orlab.com.vn/index94cd.html]
[orlab.com.vn/team-details/nguyen-trung-thanh.html]
[orlab.com.vn/our-team/minhhoangha.vth@gmail.html]
[orlab.com.vn/wp-content/uploads/elementor/css/post-95742849.css]
[orlab.com.vn/index6161.html]
[orlab.com.vn/awards/minhhoangha.vth@gmail.html]
[orlab.com.vn/wp-content/uploads/elementor/css/post-9618342e.css]
[orlab.com.vn/indexb922.html]
[orlab.com.vn/activities/minhhoangha.vth@gmail.html]
[orlab.com.vn/index1bce.html]
[orlab.com.vn/publications/indexa5fa.html]
[orlab.com.vn/publications/minhhoangha.vth@gmail.html]
[orlab.com.vn/wp-content/plugins/teachpress/templates/tp_template_2021540a.css]
[orlab.com.vn/publications/index959e.html]
[orlab.com.vn/wp-content/plugins/download-manager/assets/images/sort_asc_disabled.png]
[orlab.com.vn/wp-content/plugins/download-manager/assets/images/sort_desc_disabled.png]
[orlab.com.vn/wp-content/plugins/download-manager/assets/css/jquery.dataTables.min84fc.css]
[orlab.com.vn/indexac1f.html]
[orlab.com.vn/wp-content/plugins/download-manager/assets/file-type-icons/zip.svg]
[orlab.com.vn/wp-json/oembed/1.0/embed7937.json]
[orlab.com.vn/wp-json/oembed/1.0/embed404e]
[orlab.com.vn/download/instances-and-results-for-the-quadratic-traveling-salesman-problem-icaps2023/minhhoangha.vth@gmail.com]
[orlab.com.vn/download/instances-and-results-for-the-quadratic-traveling-salesman-problem-icaps2023/index.html]
[orlab.com.vn/2024/03/07/index.html]
[orlab.com.vn/wp-json/oembed/1.0/embed7ad0.json]
[orlab.com.vn/wp-json/oembed/1.0/embed174b]
[orlab.com.vn/download/instances-and-results-for-the-parallel-drone-scheduling-traveling-salesman-problem-pdstsp/minhhoangha.vth@gmail.com]
[orlab.com.vn/download/instances-and-results-for-the-parallel-drone-scheduling-traveling-salesman-problem-pdstsp/index.html]
[orlab.com.vn/2022/11/22/index.html]
[orlab.com.vn/wp-json/oembed/1.0/embed7d73.json]
[orlab.com.vn/wp-json/oembed/1.0/embed2bf6]
[orlab.com.vn/download/instances-and-detailed-results-for-the-set-team-orienteering-problem/minhhoangha.vth@gmail.com]
[orlab.com.vn/download/instances-and-detailed-results-for-the-set-team-orienteering-problem/index.html]
[orlab.com.vn/2022/07/07/index.html]
[orlab.com.vn/wp-json/oembed/1.0/embed8345.json]
[orlab.com.vn/wp-json/oembed/1.0/embed8bb7]
[orlab.com.vn/download/instances-and-detailed-results-for-the-vrprdl-paper-published-on-icaps2022/minhhoangha.vth@gmail.com]
[orlab.com.vn/download/instances-and-detailed-results-for-the-vrprdl-paper-published-on-icaps2022/index.html]
[orlab.com.vn/2022/03/26/index.html]
[orlab.com.vn/wp-json/oembed/1.0/embedf52c.json]
[orlab.com.vn/wp-json/oembed/1.0/embedbf9c]
[orlab.com.vn/2021/11/07/index.html]
[orlab.com.vn/download/instances-for-the-parallel-drone-scheduling-traveling-salesman-problem-with-collective-drones/minhhoangha.vth@gmail.com]
[orlab.com.vn/download/instances-for-the-parallel-drone-scheduling-traveling-salesman-problem-with-collective-drones/index.html]
[orlab.com.vn/wp-json/oembed/1.0/embed78ea.json]
[orlab.com.vn/wp-json/oembed/1.0/embed002b]
[orlab.com.vn/download/brp-instances-and-results/minhhoangha.vth@gmail.com]
[orlab.com.vn/download/brp-instances-and-results/index.html]
[orlab.com.vn/2021/07/28/index.html]
[orlab.com.vn/wp-json/oembed/1.0/embedd92f.json]
[orlab.com.vn/wp-json/oembed/1.0/embed371b]
[orlab.com.vn/download/data-and-detailed-results-for-the-pdsvrp-paper/minhhoangha.vth@gmail.com]
[orlab.com.vn/download/data-and-detailed-results-for-the-pdsvrp-paper/index.html]
[orlab.com.vn/2021/05/15/index.html]
[orlab.com.vn/wp-json/oembed/1.0/embed101c.json]
[orlab.com.vn/wp-json/oembed/1.0/embeda951]
[orlab.com.vn/download/data-and-detailed-results-for-2er-tds/minhhoangha.vth@gmail.com]
[orlab.com.vn/download/data-and-detailed-results-for-2er-tds/index.html]
[orlab.com.vn/2021/03/19/index.html]
[orlab.com.vn/wp-json/oembed/1.0/embed0513.json]
[orlab.com.vn/wp-json/oembed/1.0/embed1c5a]
[orlab.com.vn/download/data-and-detailed-results-for-the-scheduling-problems-with-conflict-jobs/minhhoangha.vth@gmail.com]
[orlab.com.vn/download/data-and-detailed-results-for-the-scheduling-problems-with-conflict-jobs/index.html]
[orlab.com.vn/wp-content/plugins/download-manager/assets/file-type-icons/rar.svg]
[orlab.com.vn/2021/02/19/index.html]
[orlab.com.vn/wp-json/oembed/1.0/embed7060.json]
[orlab.com.vn/wp-json/oembed/1.0/embedcfce]
[orlab.com.vn/download/the-vehicle-routing-problem-with-relaxed-priority-rules/minhhoangha.vth@gmail.com]
[orlab.com.vn/download/the-vehicle-routing-problem-with-relaxed-priority-rules/index.html]
[orlab.com.vn/2020/10/27/index.html]
[orlab.com.vn/wp-json/oembed/1.0/embed5c46.json]
[orlab.com.vn/wp-json/oembed/1.0/embed3c1c]
[orlab.com.vn/download/instances-for-the-traveling-salesman-problem-with-drone-tsp-d/minhhoangha.vth@gmail.com]
[orlab.com.vn/download/instances-for-the-traveling-salesman-problem-with-drone-tsp-d/index.html]
[orlab.com.vn/2020/10/03/index.html]
[orlab.com.vn/wp-json/oembed/1.0/embed4dc5.json]
[orlab.com.vn/wp-json/oembed/1.0/embed1df3]
[orlab.com.vn/download/tsplib-instances/minhhoangha.vth@gmail.com]
[orlab.com.vn/download/tsplib-instances/index.html]
[orlab.com.vn/wp-json/oembed/1.0/embed9be3.json]
[orlab.com.vn/wp-json/oembed/1.0/embed0beb]
[orlab.com.vn/download/solomon-100-instances-for-vrp/minhhoangha.vth@gmail.com]
[orlab.com.vn/download/solomon-100-instances-for-vrp/index.html]
[orlab.com.vn/wp-json/oembed/1.0/embed9671.json]
[orlab.com.vn/wp-json/oembed/1.0/embed5d92]
[orlab.com.vn/download/detailed-results-for-the-vrp-with-synchronization-constraints/minhhoangha.vth@gmail.com]
[orlab.com.vn/download/detailed-results-for-the-vrp-with-synchronization-constraints/index.html]
[orlab.com.vn/wp-json/oembed/1.0/embed7bab.json]
[orlab.com.vn/wp-json/oembed/1.0/embedfcb7]
[orlab.com.vn/download/instances-for-the-clustered-traveling-salesman-problem-with-d-relaxed-priority-rule-ctsp-d/minhhoangha.vth@gmail.com]
[orlab.com.vn/download/instances-for-the-clustered-traveling-salesman-problem-with-d-relaxed-priority-rule-ctsp-d/index.html]
[orlab.com.vn/wp-json/oembed/1.0/embed80df.json]
[orlab.com.vn/wp-json/oembed/1.0/embedfec7]
[orlab.com.vn/download/lorem-ipsum/minhhoangha.vth@gmail.com]
[orlab.com.vn/download/lorem-ipsum/index.html]
[orlab.com.vn/materials/minhhoangha.vth@gmail.html]
[orlab.com.vn/wp-content/uploads/elementor/css/post-9372eb5b.css]
[orlab.com.vn/index3df6.html]
[orlab.com.vn/services/minhhoangha.vth@gmail.html]
[orlab.com.vn/wp-content/plugins/elementor/assets/lib/animations/animations.mindf38.css]
[orlab.com.vn/wp-content/uploads/elementor/css/post-93759796.html]
[orlab.com.vn/indexbcf2.html]
[orlab.com.vn/project/minhhoangha.vth@gmail.html]
[orlab.com.vn/wp-content/uploads/essential-addons-elementor/eael-9379c3c7.css]
[orlab.com.vn/wp-content/uploads/elementor/css/post-9379175f.css]
[orlab.com.vn/index266a.html]
[orlab.com.vn/wp-content/plugins/elementor-pro/assets/css/widget-carousel.min.css]
[orlab.com.vn/o-ads/minhhoangha.vth@gmail.html]
[orlab.com.vn/wp-content/uploads/essential-addons-elementor/eael-9379c3c7.js]
[orlab.com.vn/wp-content/uploads/essential-addons-elementor/eael-93824fdf.css]
[orlab.com.vn/wp-content/uploads/elementor/css/post-93825133.css]
[orlab.com.vn/index29d8.html]
[orlab.com.vn/o-hos/minhhoangha.vth@gmail.html]
[orlab.com.vn/wp-content/uploads/essential-addons-elementor/eael-93824fdf.js]
[orlab.com.vn/wp-json/wp/v2/categories/79.json]
[orlab.com.vn/category/blog/feed/index.html]
[orlab.com.vn/category/blog/minhhoangha.vth@gmail.com]
[orlab.com.vn/category/blog/index.html]
[orlab.com.vn/blog/minhhoangha.vth@gmail.html]
[orlab.com.vn/2024/03/05/minhhoangha.vth@gmail.html]
[orlab.com.vn/vi/author/pdt-admin/feed/index.html]
[orlab.com.vn/vi/author/pdt-admin/minhhoangha.vth@gmail.com]
[orlab.com.vn/vi/author/pdt-admin/index.html]
[orlab.com.vn/wp-json/wp/v2/users/1.json]
[orlab.com.vn/author/pdt-admin/minhhoangha.vth@gmail.html]
[orlab.com.vn/index9706.html]
[orlab.com.vn/xmlrpc.php]
[orlab.com.vn/2024/03/05/duong-ngan-ha-nu-sinh-dam-me-voi-khoa-hoc-cong-nghe/minhhoangha.vth@gmail.html]
[orlab.com.vn/wp-json/wp/v2/pages/37.json]
[orlab.com.vn/wp-json/oembed/1.0/embed7732.json]
[orlab.com.vn/wp-json/oembed/1.0/embed7ba8]
[orlab.com.vn/vi/contacts/minhhoangha.vth@gmail.com]
[orlab.com.vn/vi/contacts/index.html]
[orlab.com.vn/wp-content/plugins/teachpress/includes/academicons/fonts/academicons7538.svg]
[orlab.com.vn/wp-content/plugins/elementor/assets/lib/font-awesome/fonts/fontawesome-webfont3e6e.svg]
[orlab.com.vn/wp-content/plugins/elementor/assets/lib/font-awesome/webfonts/fa-brands-400.svg]
[orlab.com.vn/wp-content/plugins/elementor/assets/lib/font-awesome/webfonts/fa-solid-900.svg]
[orlab.com.vn/vi/tin-tuc/minhhoangha.vth@gmail.html]
[orlab.com.vn/index8320.html]
[orlab.com.vn/vi/san-pham/minhhoangha.vth@gmail.html]
[orlab.com.vn/wp-content/uploads/essential-addons-elementor/eael-8254bb7.css]
[orlab.com.vn/wp-content/uploads/elementor/css/post-825a775.css]
[orlab.com.vn/indexee96.html]
[orlab.com.vn/vi/he-thong-quan-ly-lich-lam-viec-cho-nganh-y-te-o-hos/minhhoangha.vth@gmail.html]
[orlab.com.vn/wp-content/uploads/essential-addons-elementor/eael-8254bb7.js]
[orlab.com.vn/wp-content/uploads/essential-addons-elementor/eael-828581f.css]
[orlab.com.vn/wp-content/uploads/elementor/css/post-828e71a.css]
[orlab.com.vn/indexe4dc.html]
[orlab.com.vn/vi/he-thong-quan-ly-booking-quang-cao-truyen-hinh-o-ads/minhhoangha.vth@gmail.html]
[orlab.com.vn/wp-content/uploads/essential-addons-elementor/eael-828581f.js]
[orlab.com.vn/wp-content/uploads/essential-addons-elementor/eael-421cc86.css]
[orlab.com.vn/wp-content/uploads/elementor/css/post-4211f44.css]
[orlab.com.vn/index504f.html]
[orlab.com.vn/he-thong-quan-tri-nhan-su-hrm/index.html]
[orlab.com.vn/he-thong-quan-ly-cong-tac-sinh-vien/index.html]
[orlab.com.vn/vi/he-thong-quan-tri-truong-dai-hoc-cao-dang-o-edu/minhhoangha.vth@gmail.html]
[orlab.com.vn/wp-content/uploads/essential-addons-elementor/eael-421cc86.js]
[orlab.com.vn/wp-content/uploads/essential-addons-elementor/eael-4711026.css]
[orlab.com.vn/wp-content/uploads/elementor/css/post-47171a0.css]
[orlab.com.vn/index2c5f.html]
[orlab.com.vn/vi/he-thong-quan-tri-nhan-su-hrm/minhhoangha.vth@gmail.html]
[orlab.com.vn/wp-content/uploads/essential-addons-elementor/eael-4711026.js]
[orlab.com.vn/wp-content/uploads/essential-addons-elementor/eael-3447dae.css]
[orlab.com.vn/wp-content/uploads/elementor/css/post-344f69e.css]
[orlab.com.vn/index6150.html]
[orlab.com.vn/vi/he-thong-quan-ly-quan-he-khach-hang-crm/minhhoangha.vth@gmail.html]
[orlab.com.vn/wp-content/uploads/essential-addons-elementor/eael-3447dae.js]
[orlab.com.vn/wp-content/uploads/essential-addons-elementor/eael-495fada.css]
[orlab.com.vn/wp-content/uploads/elementor/css/post-495b5f4.css]
[orlab.com.vn/index28bc.html]
[orlab.com.vn/vi/he-thong-quan-ly-tuyen-sinh/minhhoangha.vth@gmail.html]
[orlab.com.vn/wp-content/uploads/essential-addons-elementor/eael-495fada.js]
[orlab.com.vn/wp-content/uploads/elementor/css/post-4878435.css]
[orlab.com.vn/indexe3b6.html]
[orlab.com.vn/vi/he-thong-quan-ly-cong-tac-sinh-vien/minhhoangha.vth@gmail.html]
[orlab.com.vn/wp-content/uploads/essential-addons-elementor/eael-498170d.css]
[orlab.com.vn/wp-content/uploads/elementor/css/post-49803c5.css]
[orlab.com.vn/index5b8d.html]
[orlab.com.vn/vi/he-thong-quan-ly-chuong-trinh-dao-tao/minhhoangha.vth@gmail.html]
[orlab.com.vn/wp-content/uploads/essential-addons-elementor/eael-498170d.js]
[orlab.com.vn/wp-content/uploads/elementor/css/post-55203c5.css]
[orlab.com.vn/index5195.html]
[orlab.com.vn/vi/he-thong-dam-bao-chat-luong/minhhoangha.vth@gmail.html]
[www.evestment.com/wp-content/uploads/2020/02/Centralized-storage.html]
[orlab.com.vn/wp-content/uploads/essential-addons-elementor/eael-555b996.css]
[orlab.com.vn/wp-content/uploads/elementor/css/post-555eb64.css]
[orlab.com.vn/index960c.html]
[orlab.com.vn/vi/he-thong-quan-ly-nghien-cuu-khoa-hoc/minhhoangha.vth@gmail.html]
[orlab.com.vn/wp-content/uploads/essential-addons-elementor/eael-555b996.js]
[orlab.com.vn/wp-content/uploads/elementor/css/post-130d0c2.css]
[orlab.com.vn/index8b4e.html]
[orlab.com.vn/vi/dich-vu/minhhoangha.vth@gmail.html]
[orlab.com.vn/index834e.html]
[orlab.com.vn/vi/job-openings/minhhoangha.vth@gmail.html]
[orlab.com.vn/wp-content/uploads/elementor/css/post-88653ee0.css]
[orlab.com.vn/indexff12.html]
[orlab.com.vn/vi/lien-he/minhhoangha.vth@gmail.html]
[orlab.com.vn/indexcff1.html]
[orlab.com.vn/vi/2023/03/25/hello-world/minhhoangha.vth@gmail.html]
[orlab.com.vn/vi/2023/03/25/minhhoangha.vth@gmail.html]
[orlab.com.vn/vi/category/tin-tuc/minhhoangha.vth@gmail.html]
[orlab.com.vn/wp-content/plugins/elementor/assets/lib/font-awesome/webfonts/fa-regular-400.svg]
[orlab.com.vn/publications/index959e.html]
[orlab.com.vn/wp-content/plugins/download-manager/assets/images/sort_both.svg]
[orlab.com.vn/wp-content/plugins/download-manager/assets/images/sort_asc.svg]
[orlab.com.vn/wp-content/plugins/download-manager/assets/images/sort_desc.svg]
[orlab.com.vn/indexdf41.html]
[orlab.com.vn/2024/03/07/index.html]
[orlab.com.vn/download/instances-and-results-for-the-quadratic-traveling-salesman-problem-icaps2023/minhhoangha.vth@gmail.html]
[orlab.com.vn/index8720.html]
[orlab.com.vn/2022/11/22/index.html]
[orlab.com.vn/download/instances-and-results-for-the-parallel-drone-scheduling-traveling-salesman-problem-pdstsp/minhhoangha.vth@gmail.html]
[orlab.com.vn/indexf3ac.html]
[orlab.com.vn/2022/07/07/index.html]
[orlab.com.vn/download/instances-and-detailed-results-for-the-set-team-orienteering-problem/minhhoangha.vth@gmail.html]
[orlab.com.vn/indexa8b7.html]
[orlab.com.vn/2022/03/26/index.html]
[orlab.com.vn/download/instances-and-detailed-results-for-the-vrprdl-paper-published-on-icaps2022/minhhoangha.vth@gmail.html]
[orlab.com.vn/indexe59e.html]
[orlab.com.vn/2021/11/07/index.html]
[orlab.com.vn/download/instances-for-the-parallel-drone-scheduling-traveling-salesman-problem-with-collective-drones/minhhoangha.vth@gmail.html]
[orlab.com.vn/indexc536.html]
[orlab.com.vn/2021/07/28/index.html]
[orlab.com.vn/download/brp-instances-and-results/minhhoangha.vth@gmail.html]
[orlab.com.vn/index3d80.html]
[orlab.com.vn/2021/05/15/index.html]
[orlab.com.vn/download/data-and-detailed-results-for-the-pdsvrp-paper/minhhoangha.vth@gmail.html]
[orlab.com.vn/index0f25.html]
[orlab.com.vn/2021/03/19/index.html]
[orlab.com.vn/download/data-and-detailed-results-for-2er-tds/minhhoangha.vth@gmail.html]
[orlab.com.vn/index0a4f.html]
[orlab.com.vn/2021/02/19/index.html]
[orlab.com.vn/download/data-and-detailed-results-for-the-scheduling-problems-with-conflict-jobs/minhhoangha.vth@gmail.html]
[orlab.com.vn/indexbf9b.html]
[orlab.com.vn/2020/10/27/index.html]
[orlab.com.vn/download/the-vehicle-routing-problem-with-relaxed-priority-rules/minhhoangha.vth@gmail.html]
[orlab.com.vn/indexf80e.html]
[orlab.com.vn/2020/10/03/index.html]
[orlab.com.vn/download/instances-for-the-traveling-salesman-problem-with-drone-tsp-d/minhhoangha.vth@gmail.html]
[orlab.com.vn/index118e.html]
[orlab.com.vn/download/tsplib-instances/minhhoangha.vth@gmail.html]
[orlab.com.vn/index074d.html]
[orlab.com.vn/download/solomon-100-instances-for-vrp/minhhoangha.vth@gmail.html]
[orlab.com.vn/index256a.html]
[orlab.com.vn/download/detailed-results-for-the-vrp-with-synchronization-constraints/minhhoangha.vth@gmail.html]
[orlab.com.vn/index4e6e.html]
[orlab.com.vn/download/instances-for-the-clustered-traveling-salesman-problem-with-d-relaxed-priority-rule-ctsp-d/minhhoangha.vth@gmail.html]
[orlab.com.vn/index7de5.html]
[orlab.com.vn/download/lorem-ipsum/minhhoangha.vth@gmail.html]
[orlab.com.vn/category/blog/minhhoangha.vth@gmail.html]
[orlab.com.vn/vi/author/pdt-admin/minhhoangha.vth@gmail.html]
[orlab.com.vn/wp-content/uploads/elementor/css/post-37f094.css]
[orlab.com.vn/index4837.html]
[orlab.com.vn/vi/contacts/minhhoangha.vth@gmail.html]
[piditi.com/wp-content/uploads/2023/03/Bac-si.jpg]
[piditi.com/wp-content/uploads/2023/03/5-5091.jpg]
[piditi.com/wp-content/uploads/2023/03/crm-software-banner1.png]
[piditi.com/wp-content/uploads/2023/03/Screenshot-2023-03-26-232205.png]
[piditi.com/wp-content/uploads/2023/03/login.png]
[piditi.com/wp-content/uploads/2023/03/higher-education-programs-concept-icon-vector-31584943.jpg]
[piditi.com/wp-content/uploads/2023/03/dbcl.png]
[piditi.com/wp-content/uploads/2023/03/choose_Me_3_a52549d5a7.jpg]
[piditi.com/strapi/uploads/classroom_coaching_technologies_7e01a14b3d.jpg]
[piditi.com/strapi/uploads/Use_of_admission_technology_768x499_7922409c8d.jpg]
[piditi.com/strapi/uploads/AR_learning_768x512_020f99dcc9.jpg]
